Archive member included to satisfy reference by file (symbol)

C:/ST/STM32CubeIDE_1.19.0/STM32CubeIDE/plugins/com.st.stm32cube.ide.mcu.externaltools.gnu-tools-for-stm32.13.3.rel1.win32_1.0.0.202411081344/tools/bin/../lib/gcc/arm-none-eabi/13.3.1/../../../../arm-none-eabi/lib/thumb/v7-m/nofp\libc_nano.a(libc_a-exit.o)
                              C:/ST/STM32CubeIDE_1.19.0/STM32CubeIDE/plugins/com.st.stm32cube.ide.mcu.externaltools.gnu-tools-for-stm32.13.3.rel1.win32_1.0.0.202411081344/tools/bin/../lib/gcc/arm-none-eabi/13.3.1/../../../../arm-none-eabi/lib/thumb/v7-m/nofp/crt0.o (exit)
C:/ST/STM32CubeIDE_1.19.0/STM32CubeIDE/plugins/com.st.stm32cube.ide.mcu.externaltools.gnu-tools-for-stm32.13.3.rel1.win32_1.0.0.202411081344/tools/bin/../lib/gcc/arm-none-eabi/13.3.1/../../../../arm-none-eabi/lib/thumb/v7-m/nofp\libc_nano.a(libc_a-findfp.o)
                              C:/ST/STM32CubeIDE_1.19.0/STM32CubeIDE/plugins/com.st.stm32cube.ide.mcu.externaltools.gnu-tools-for-stm32.13.3.rel1.win32_1.0.0.202411081344/tools/bin/../lib/gcc/arm-none-eabi/13.3.1/../../../../arm-none-eabi/lib/thumb/v7-m/nofp\libc_nano.a(libc_a-exit.o) (__stdio_exit_handler)
C:/ST/STM32CubeIDE_1.19.0/STM32CubeIDE/plugins/com.st.stm32cube.ide.mcu.externaltools.gnu-tools-for-stm32.13.3.rel1.win32_1.0.0.202411081344/tools/bin/../lib/gcc/arm-none-eabi/13.3.1/../../../../arm-none-eabi/lib/thumb/v7-m/nofp\libc_nano.a(libc_a-fwalk.o)
                              C:/ST/STM32CubeIDE_1.19.0/STM32CubeIDE/plugins/com.st.stm32cube.ide.mcu.externaltools.gnu-tools-for-stm32.13.3.rel1.win32_1.0.0.202411081344/tools/bin/../lib/gcc/arm-none-eabi/13.3.1/../../../../arm-none-eabi/lib/thumb/v7-m/nofp\libc_nano.a(libc_a-findfp.o) (_fwalk_sglue)
C:/ST/STM32CubeIDE_1.19.0/STM32CubeIDE/plugins/com.st.stm32cube.ide.mcu.externaltools.gnu-tools-for-stm32.13.3.rel1.win32_1.0.0.202411081344/tools/bin/../lib/gcc/arm-none-eabi/13.3.1/../../../../arm-none-eabi/lib/thumb/v7-m/nofp\libc_nano.a(libc_a-stdio.o)
                              C:/ST/STM32CubeIDE_1.19.0/STM32CubeIDE/plugins/com.st.stm32cube.ide.mcu.externaltools.gnu-tools-for-stm32.13.3.rel1.win32_1.0.0.202411081344/tools/bin/../lib/gcc/arm-none-eabi/13.3.1/../../../../arm-none-eabi/lib/thumb/v7-m/nofp\libc_nano.a(libc_a-findfp.o) (__sread)
C:/ST/STM32CubeIDE_1.19.0/STM32CubeIDE/plugins/com.st.stm32cube.ide.mcu.externaltools.gnu-tools-for-stm32.13.3.rel1.win32_1.0.0.202411081344/tools/bin/../lib/gcc/arm-none-eabi/13.3.1/../../../../arm-none-eabi/lib/thumb/v7-m/nofp\libc_nano.a(libc_a-memset.o)
                              C:/ST/STM32CubeIDE_1.19.0/STM32CubeIDE/plugins/com.st.stm32cube.ide.mcu.externaltools.gnu-tools-for-stm32.13.3.rel1.win32_1.0.0.202411081344/tools/bin/../lib/gcc/arm-none-eabi/13.3.1/../../../../arm-none-eabi/lib/thumb/v7-m/nofp/crt0.o (memset)
C:/ST/STM32CubeIDE_1.19.0/STM32CubeIDE/plugins/com.st.stm32cube.ide.mcu.externaltools.gnu-tools-for-stm32.13.3.rel1.win32_1.0.0.202411081344/tools/bin/../lib/gcc/arm-none-eabi/13.3.1/../../../../arm-none-eabi/lib/thumb/v7-m/nofp\libc_nano.a(libc_a-closer.o)
                              C:/ST/STM32CubeIDE_1.19.0/STM32CubeIDE/plugins/com.st.stm32cube.ide.mcu.externaltools.gnu-tools-for-stm32.13.3.rel1.win32_1.0.0.202411081344/tools/bin/../lib/gcc/arm-none-eabi/13.3.1/../../../../arm-none-eabi/lib/thumb/v7-m/nofp\libc_nano.a(libc_a-stdio.o) (_close_r)
C:/ST/STM32CubeIDE_1.19.0/STM32CubeIDE/plugins/com.st.stm32cube.ide.mcu.externaltools.gnu-tools-for-stm32.13.3.rel1.win32_1.0.0.202411081344/tools/bin/../lib/gcc/arm-none-eabi/13.3.1/../../../../arm-none-eabi/lib/thumb/v7-m/nofp\libc_nano.a(libc_a-reent.o)
                              C:/ST/STM32CubeIDE_1.19.0/STM32CubeIDE/plugins/com.st.stm32cube.ide.mcu.externaltools.gnu-tools-for-stm32.13.3.rel1.win32_1.0.0.202411081344/tools/bin/../lib/gcc/arm-none-eabi/13.3.1/../../../../arm-none-eabi/lib/thumb/v7-m/nofp\libc_nano.a(libc_a-closer.o) (errno)
C:/ST/STM32CubeIDE_1.19.0/STM32CubeIDE/plugins/com.st.stm32cube.ide.mcu.externaltools.gnu-tools-for-stm32.13.3.rel1.win32_1.0.0.202411081344/tools/bin/../lib/gcc/arm-none-eabi/13.3.1/../../../../arm-none-eabi/lib/thumb/v7-m/nofp\libc_nano.a(libc_a-impure.o)
                              C:/ST/STM32CubeIDE_1.19.0/STM32CubeIDE/plugins/com.st.stm32cube.ide.mcu.externaltools.gnu-tools-for-stm32.13.3.rel1.win32_1.0.0.202411081344/tools/bin/../lib/gcc/arm-none-eabi/13.3.1/../../../../arm-none-eabi/lib/thumb/v7-m/nofp\libc_nano.a(libc_a-reent.o) (_impure_ptr)
C:/ST/STM32CubeIDE_1.19.0/STM32CubeIDE/plugins/com.st.stm32cube.ide.mcu.externaltools.gnu-tools-for-stm32.13.3.rel1.win32_1.0.0.202411081344/tools/bin/../lib/gcc/arm-none-eabi/13.3.1/../../../../arm-none-eabi/lib/thumb/v7-m/nofp\libc_nano.a(libc_a-lseekr.o)
[...]
Memory Configuration

Name             Origin             Length             Attributes
RAM              0x20000000         0x00005000         xrw
FLASH            0x08000000         0x00020000         xr
*default*        0x00000000         0xffffffff

Linker script and memory map

LOAD C:/ST/STM32CubeIDE_1.19.0/STM32CubeIDE/plugins/com.st.stm32cube.ide.mcu.externaltools.gnu-tools-for-stm32.13.3.rel1.win32_1.0.0.202411081344/tools/bin/../lib/gcc/arm-none-eabi/13.3.1/thumb/v7-m/nofp/crti.o
LOAD C:/ST/STM32CubeIDE_1.19.0/STM32CubeIDE/plugins/com.st.stm32cube.ide.mcu.externaltools.gnu-tools-for-stm32.13.3.rel1.win32_1.0.0.202411081344/tools/bin/../lib/gcc/arm-none-eabi/13.3.1/thumb/v7-m/nofp/crtbegin.o
LOAD C:/ST/STM32CubeIDE_1.19.0/STM32CubeIDE/plugins/com.st.stm32cube.ide.mcu.externaltools.gnu-tools-for-stm32.13.3.rel1.win32_1.0.0.202411081344/tools/bin/../lib/gcc/arm-none-eabi/13.3.1/../../../../arm-none-eabi/lib/thumb/v7-m/nofp/crt0.o
LOAD ./Core/Src/ads1115.o
LOAD ./Core/Src/aht20.o
LOAD ./Core/Src/gpio.o
LOAD ./Core/Src/i2c.o
LOAD ./Core/Src/main.o
LOAD ./Core/Src/protocol.o
LOAD ./Core/Src/sensor.o
LOAD ./Core/Src/stm32f1xx_hal_msp.o
LOAD ./Core/Src/stm32f1xx_it.o
LOAD ./Core/Src/syscalls.o
LOAD ./Core/Src/sysmem.o
LOAD ./Core/Src/system_stm32f1xx.o
LOAD ./Core/Src/uart_parser.o
LOAD ./Core/Src/usart.o
LOAD ./Core/Startup/startup_stm32f103rbtx.o
LOAD ./Drivers/STM32F1xx_HAL_Driver/Src/stm32f1xx_hal.o
LOAD ./Drivers/STM32F1xx_HAL_Driver/Src/stm32f1xx_hal_cortex.o
LOAD ./Drivers/STM32F1xx_HAL_Driver/Src/stm32f1xx_hal_dma.o
LOAD ./Drivers/STM32F1xx_HAL_Driver/Src/stm32f1xx_hal_exti.o
LOAD ./Drivers/STM32F1xx_HAL_Driver/Src/stm32f1xx_hal_flash.o
LOAD ./Drivers/STM32F1xx_HAL_Driver/Src/stm32f1xx_hal_flash_ex.o
LOAD ./Drivers/STM32F1xx_HAL_Driver/Src/stm32f1xx_hal_gpio.o
LOAD ./Drivers/STM32F1xx_HAL_Driver/Src/stm32f1xx_hal_gpio_ex.o
LOAD ./Drivers/STM32F1xx_HAL_Driver/Src/stm32f1xx_hal_i2c.o
LOAD ./Drivers/STM32F1xx_HAL_Driver/Src/stm32f1xx_hal_pwr.o
LOAD ./Drivers/STM32F1xx_HAL_Driver/Src/stm32f1xx_hal_rcc.o
LOAD ./Drivers/STM32F1xx_HAL_Driver/Src/stm32f1xx_hal_rcc_ex.o
LOAD ./Drivers/STM32F1xx_HAL_Driver/Src/stm32f1xx_hal_uart.o
START GROUP
LOAD C:/ST/STM32CubeIDE_1.19.0/STM32CubeIDE/plugins/com.st.stm32cube.ide.mcu.externaltools.gnu-tools-for-stm32.13.3.rel1.win32_1.0.0.202411081344/tools/bin/../lib/gcc/arm-none-eabi/13.3.1/../../../../arm-none-eabi/lib/thumb/v7-m/nofp\libc_nano.a
LOAD C:/ST/STM32CubeIDE_1.19.0/STM32CubeIDE/plugins/com.st.stm32cube.ide.mcu.externaltools.gnu-tools-for-stm32.13.3.rel1.win32_1.0.0.202411081344/tools/bin/../lib/gcc/arm-none-eabi/13.3.1/../../../../arm-none-eabi/lib/thumb/v7-m/nofp\libm.a
END GROUP
START GROUP
LOAD C:/ST/STM32CubeIDE_1.19.0/STM32CubeIDE/plugins/com.st.stm32cube.ide.mcu.externaltools.gnu-tools-for-stm32.13.3.rel1.win32_1.0.0.202411081344/tools/bin/../lib/gcc/arm-none-eabi/13.3.1/thumb/v7-m/nofp\libgcc.a
LOAD C:/ST/STM32CubeIDE_1.19.0/STM32CubeIDE/plugins/com.st.stm32cube.ide.mcu.externaltools.gnu-tools-for-stm32.13.3.rel1.win32_1.0.0.202411081344/tools/bin/../lib/gcc/arm-none-eabi/13.3.1/../../../../arm-none-eabi/lib/thumb/v7-m/nofp\libc_nano.a
END GROUP
START GROUP
LOAD C:/ST/STM32CubeIDE_1.19.0/STM32CubeIDE/plugins/com.st.stm32cube.ide.mcu.externaltools.gnu-tools-for-stm32.13.3.rel1.win32_1.0.0.202411081344/tools/bin/../lib/gcc/arm-none-eabi/13.3.1/thumb/v7-m/nofp\libgcc.a
LOAD C:/ST/STM32CubeIDE_1.19.0/STM32CubeIDE/plugins/com.st.stm32cube.ide.mcu.externaltools.gnu-tools-for-stm32.13.3.rel1.win32_1.0.0.202411081344/tools/bin/../lib/gcc/arm-none-eabi/13.3.1/../../../../arm-none-eabi/lib/thumb/v7-m/nofp\libc_nano.a
LOAD C:/ST/STM32CubeIDE_1.19.0/STM32CubeIDE/plugins/com.st.stm32cube.ide.mcu.externaltools.gnu-tools-for-stm32.13.3.rel1.win32_1.0.0.202411081344/tools/bin/../lib/gcc/arm-none-eabi/13.3.1/../../../../arm-none-eabi/lib/thumb/v7-m/nofp\libnosys.a
END GROUP
START GROUP
LOAD C:/ST/STM32CubeIDE_1.19.0/STM32CubeIDE/plugins/com.st.stm32cube.ide.mcu.externaltools.gnu-tools-for-stm32.13.3.rel1.win32_1.0.0.202411081344/tools/bin/../lib/gcc/arm-none-eabi/13.3.1/thumb/v7-m/nofp\libgcc.a
LOAD C:/ST/STM32CubeIDE_1.19.0/STM32CubeIDE/plugins/com.st.stm32cube.ide.mcu.externaltools.gnu-tools-for-stm32.13.3.rel1.win32_1.0.0.202411081344/tools/bin/../lib/gcc/arm-none-eabi/13.3.1/../../../../arm-none-eabi/lib/thumb/v7-m/nofp\libc_nano.a
LOAD C:/ST/STM32CubeIDE_1.19.0/STM32CubeIDE/plugins/com.st.stm32cube.ide.mcu.externaltools.gnu-tools-for-stm32.13.3.rel1.win32_1.0.0.202411081344/tools/bin/../lib/gcc/arm-none-eabi/13.3.1/../../../../arm-none-eabi/lib/thumb/v7-m/nofp\libnosys.a
END GROUP
LOAD C:/ST/STM32CubeIDE_1.19.0/STM32CubeIDE/plugins/com.st.stm32cube.ide.mcu.externaltools.gnu-tools-for-stm32.13.3.rel1.win32_1.0.0.202411081344/tools/bin/../lib/gcc/arm-none-eabi/13.3.1/thumb/v7-m/nofp/crtend.o
LOAD C:/ST/STM32CubeIDE_1.19.0/STM32CubeIDE/plugins/com.st.stm32cube.ide.mcu.externaltools.gnu-tools-for-stm32.13.3.rel1.win32_1.0.0.202411081344/tools/bin/../lib/gcc/arm-none-eabi/13.3.1/thumb/v7-m/nofp/crtn.o
                0x20005000                        _estack = (ORIGIN (RAM) + LENGTH (RAM))
                0x00000200                        _Min_Heap_Size = 0x200
                0x00000400                        _Min_Stack_Size = 0x400

.isr_vector     0x08000000      0x10c
                0x08000000                        . = ALIGN (0x4)
 *(.isr_vector)
 .isr_vector    0x08000000      0x10c ./Core/Startup/startup_stm32f103rbtx.o
                0x08000000                g_pfnVectors
                0x0800010c                        . = ALIGN (0x4)

.text           0x0800010c     0x45c0
                0x0800010c                        . = ALIGN (0x4)
 *(.text)
 .text          0x0800010c       0x40 C:/ST/STM32CubeIDE_1.19.0/STM32CubeIDE/plugins/com.st.stm32cube.ide.mcu.externaltools.gnu-tools-for-stm32.13.3.rel1.win32_1.0.0.202411081344/tools/bin/../lib/gcc/arm-none-eabi/13.3.1/thumb/v7-m/nofp/crtbegin.o
 .text          0x0800014c      0x21c C:/ST/STM32CubeIDE_1.19.0/STM32CubeIDE/plugins/com.st.stm32cube.ide.mcu.externaltools.gnu-tools-for-stm32.13.3.rel1.win32_1.0.0.202411081344/tools/bin/../lib/gcc/arm-none-eabi/13.3.1/thumb/v7-m/nofp\libgcc.a(_arm_addsubsf3.o)
                0x0800014c                __aeabi_frsub
                0x08000154                __subsf3
                0x08000154                __aeabi_fsub
                0x08000158                __aeabi_fadd
                0x08000158                __addsf3
                0x080002b8                __aeabi_ui2f
                0x080002b8                __floatunsisf
                0x080002c0                __aeabi_i2f
                0x080002c0                __floatsisf
                0x080002dc                __aeabi_ul2f
                0x080002dc                __floatundisf
                0x080002ec                __aeabi_l2f
                0x080002ec                __floatdisf
 .text          0x08000368      0x2a0 C:/ST/STM32CubeIDE_1.19.0/STM32CubeIDE/plugins/com.st.stm32cube.ide.mcu.externaltools.gnu-tools-for-stm32.13.3.rel1.win32_1.0.0.202411081344/tools/bin/../lib/gcc/arm-none-eabi/13.3.1/thumb/v7-m/nofp\libgcc.a(_arm_muldivsf3.o)
                0x08000368                __mulsf3
                0x08000368                __aeabi_fmul
                0x080004d0                __aeabi_fdiv
                0x080004d0                __divsf3
 .text          0x08000608       0x40 C:/ST/STM32CubeIDE_1.19.0/STM32CubeIDE/plugins/com.st.stm32cube.ide.mcu.externaltools.gnu-tools-for-stm32.13.3.rel1.win32_1.0.0.202411081344/tools/bin/../lib/gcc/arm-none-eabi/13.3.1/thumb/v7-m/nofp\libgcc.a(_arm_fixunssfsi.o)
                0x08000608                __fixunssfsi
                0x08000608                __aeabi_f2uiz
 *(.text*)
 .text.ADS1115_ReadSingleEnded
                0x08000648       0xea ./Core/Src/ads1115.o
                0x08000648                ADS1115_ReadSingleEnded
 *fill*         0x08000732        0x2 
 .text.AHT20_Read
                0x08000734      0x1a4 ./Core/Src/aht20.o
                0x08000734                AHT20_Read
 .text.MX_GPIO_Init
                0x080008d8       0x5c ./Core/Src/gpio.o
                0x080008d8                MX_GPIO_Init
 .text.MX_I2C1_Init
                0x08000934       0x5c ./Core/Src/i2c.o
                0x08000934                MX_I2C1_Init
 .text.HAL_I2C_MspInit
                0x08000990       0x7c ./Core/Src/i2c.o
                0x08000990                HAL_I2C_MspInit
 .text.main     0x08000a0c       0x74 ./Core/Src/main.o
                0x08000a0c                main
 .text.SystemClock_Config
                0x08000a80       0x76 ./Core/Src/main.o
                0x08000a80                SystemClock_Config
 *fill*         0x08000af6        0x2 
 .text.HAL_UART_RxCpltCallback
                0x08000af8       0x3c ./Core/Src/main.o
                0x08000af8                HAL_UART_RxCpltCallback
 .text.Error_Handler
                0x08000b34        0xc ./Core/Src/main.o
                0x08000b34                Error_Handler
 .text.proto_checksum
                0x08000b40       0x50 ./Core/Src/protocol.o
                0x08000b40                proto_checksum
 .text.proto_pack_u16_le
                0x08000b90       0x2c ./Core/Src/protocol.o
                0x08000b90                proto_pack_u16_le
 .text.proto_send
                0x08000bbc       0xf4 ./Core/Src/protocol.o
                0x08000bbc                proto_send
 .text.proto_send_pong
                0x08000cb0       0x16 ./Core/Src/protocol.o
                0x08000cb0                proto_send_pong
 .text.proto_send_sensor_data
                0x08000cc6       0x74 ./Core/Src/protocol.o
                0x08000cc6                proto_send_sensor_data
 *fill*         0x08000d3a        0x2 
 .text.ads1115_to_voltage
                0x08000d3c       0x38 ./Core/Src/sensor.o
 .text.sensor_read_all
                0x08000d74       0x88 ./Core/Src/sensor.o
                0x08000d74                sensor_read_all
 .text.sensor_check_threshold
                0x08000dfc        0xc ./Core/Src/sensor.o
                0x08000dfc                sensor_check_threshold
 .text.HAL_MspInit
                0x08000e08       0x64 ./Core/Src/stm32f1xx_hal_msp.o
                0x08000e08                HAL_MspInit
 .text.NMI_Handler
                0x08000e6c        0x8 ./Core/Src/stm32f1xx_it.o
                0x08000e6c                NMI_Handler
 .text.HardFault_Handler
                0x08000e74        0x8 ./Core/Src/stm32f1xx_it.o
                0x08000e74                HardFault_Handler
 .text.MemManage_Handler
                0x08000e7c        0x8 ./Core/Src/stm32f1xx_it.o
                0x08000e7c                MemManage_Handler
 .text.BusFault_Handler
                0x08000e84        0x8 ./Core/Src/stm32f1xx_it.o
                0x08000e84                BusFault_Handler
 .text.UsageFault_Handler
                0x08000e8c        0x8 ./Core/Src/stm32f1xx_it.o
                0x08000e8c                UsageFault_Handler
 .text.SVC_Handler
                0x08000e94        0xc ./Core/Src/stm32f1xx_it.o
                0x08000e94                SVC_Handler
 .text.DebugMon_Handler
                0x08000ea0        0xc ./Core/Src/stm32f1xx_it.o
                0x08000ea0                DebugMon_Handler
 .text.PendSV_Handler
                0x08000eac        0xc ./Core/Src/stm32f1xx_it.o
                0x08000eac                PendSV_Handler
 .text.SysTick_Handler
                0x08000eb8        0xc ./Core/Src/stm32f1xx_it.o
                0x08000eb8                SysTick_Handler
 .text.USART3_IRQHandler
                0x08000ec4       0x14 ./Core/Src/stm32f1xx_it.o
                0x08000ec4                USART3_IRQHandler
 .text.SystemInit
                0x08000ed8        0xc ./Core/Src/system_stm32f1xx.o
                0x08000ed8                SystemInit
 .text.uart_poll
                0x08000ee4       0x30 ./Core/Src/uart_parser.o
                0x08000ee4                uart_poll
 .text.uart_rx_byte
                0x08000f14       0x74 ./Core/Src/uart_parser.o
                0x08000f14                uart_rx_byte
 .text.uart_process
                0x08000f88       0x7c ./Core/Src/uart_parser.o
                0x08000f88                uart_process
 .text.handle_packet
                0x08001004       0xf4 ./Core/Src/uart_parser.o
 .text.MX_USART3_UART_Init
                0x080010f8       0x54 ./Core/Src/usart.o
                0x080010f8                MX_USART3_UART_Init
 .text.HAL_UART_MspInit
                0x0800114c       0xd0 ./Core/Src/usart.o
                0x0800114c                HAL_UART_MspInit
 .text.Reset_Handler
                0x0800121c       0x48 ./Core/Startup/startup_stm32f103rbtx.o
                0x0800121c                Reset_Handler
 .text.Default_Handler
                0x08001264        0x2 ./Core/Startup/startup_stm32f103rbtx.o
                0x08001264                RTC_Alarm_IRQHandler
                0x08001264                EXTI2_IRQHandler
                0x08001264                TIM1_CC_IRQHandler
                0x08001264                PVD_IRQHandler
                0x08001264                EXTI3_IRQHandler
                0x08001264                EXTI0_IRQHandler
                0x08001264                I2C2_EV_IRQHandler
                0x08001264                ADC1_2_IRQHandler
                0x08001264                SPI1_IRQHandler
                0x08001264                TAMPER_IRQHandler
                0x08001264                DMA1_Channel4_IRQHandler
                0x08001264                RTC_IRQHandler
                0x08001264                DMA1_Channel7_IRQHandler
                0x08001264                CAN1_RX1_IRQHandler
                0x08001264                TIM4_IRQHandler
                0x08001264                I2C1_EV_IRQHandler
                0x08001264                DMA1_Channel6_IRQHandler
                0x08001264                TIM3_IRQHandler
                0x08001264                RCC_IRQHandler
                0x08001264                TIM1_TRG_COM_IRQHandler
                0x08001264                DMA1_Channel1_IRQHandler
                0x08001264                Default_Handler
                0x08001264                EXTI15_10_IRQHandler
                0x08001264                EXTI9_5_IRQHandler
                0x08001264                SPI2_IRQHandler
                0x08001264                DMA1_Channel5_IRQHandler
                0x08001264                EXTI4_IRQHandler
                0x08001264                USB_LP_CAN1_RX0_IRQHandler
                0x08001264                USB_HP_CAN1_TX_IRQHandler
                0x08001264                DMA1_Channel3_IRQHandler
                0x08001264                TIM1_UP_IRQHandler
                0x08001264                WWDG_IRQHandler
                0x08001264                TIM2_IRQHandler
                0x08001264                TIM1_BRK_IRQHandler
                0x08001264                EXTI1_IRQHandler
                0x08001264                USART2_IRQHandler
                0x08001264                I2C2_ER_IRQHandler
                0x08001264                DMA1_Channel2_IRQHandler
                0x08001264                CAN1_SCE_IRQHandler
                0x08001264                FLASH_IRQHandler
                0x08001264                USART1_IRQHandler
                0x08001264                I2C1_ER_IRQHandler
                0x08001264                USBWakeUp_IRQHandler
 *fill*         0x08001266        0x2 
 .text.HAL_Init
                0x08001268       0x2c ./Drivers/STM32F1xx_HAL_Driver/Src/stm32f1xx_hal.o
                0x08001268                HAL_Init
 .text.HAL_InitTick
                0x08001294       0x60 ./Drivers/STM32F1xx_HAL_Driver/Src/stm32f1xx_hal.o
                0x08001294                HAL_InitTick
 .text.HAL_IncTick
                0x080012f4       0x24 ./Drivers/STM32F1xx_HAL_Driver/Src/stm32f1xx_hal.o
                0x080012f4                HAL_IncTick
 .text.HAL_GetTick
                0x08001318       0x14 ./Drivers/STM32F1xx_HAL_Driver/Src/stm32f1xx_hal.o
                0x08001318                HAL_GetTick
 .text.HAL_Delay
                0x0800132c       0x48 ./Drivers/STM32F1xx_HAL_Driver/Src/stm32f1xx_hal.o
                0x0800132c                HAL_Delay
 .text.__NVIC_SetPriorityGrouping
                0x08001374       0x48 ./Drivers/STM32F1xx_HAL_Driver/Src/stm32f1xx_hal_cortex.o
 .text.__NVIC_GetPriorityGrouping
                0x080013bc       0x1c ./Drivers/STM32F1xx_HAL_Driver/Src/stm32f1xx_hal_cortex.o
 .text.__NVIC_EnableIRQ
                0x080013d8       0x38 ./Drivers/STM32F1xx_HAL_Driver/Src/stm32f1xx_hal_cortex.o
 .text.__NVIC_SetPriority
                0x08001410       0x54 ./Drivers/STM32F1xx_HAL_Driver/Src/stm32f1xx_hal_cortex.o
 .text.NVIC_EncodePriority
                0x08001464       0x64 ./Drivers/STM32F1xx_HAL_Driver/Src/stm32f1xx_hal_cortex.o
 .text.SysTick_Config
                0x080014c8       0x44 ./Drivers/STM32F1xx_HAL_Driver/Src/stm32f1xx_hal_cortex.o
 .text.HAL_NVIC_SetPriorityGrouping
                0x0800150c       0x16 ./Drivers/STM32F1xx_HAL_Driver/Src/stm32f1xx_hal_cortex.o
                0x0800150c                HAL_NVIC_SetPriorityGrouping
 .text.HAL_NVIC_SetPriority
                0x08001522       0x38 ./Drivers/STM32F1xx_HAL_Driver/Src/stm32f1xx_hal_cortex.o
                0x08001522                HAL_NVIC_SetPriority
 .text.HAL_NVIC_EnableIRQ
                0x0800155a       0x1c ./Drivers/STM32F1xx_HAL_Driver/Src/stm32f1xx_hal_cortex.o
                0x0800155a                HAL_NVIC_EnableIRQ
 .text.HAL_SYSTICK_Config
                0x08001576       0x18 ./Drivers/STM32F1xx_HAL_Driver/Src/stm32f1xx_hal_cortex.o
                0x08001576                HAL_SYSTICK_Config
 .text.HAL_DMA_Abort
                0x0800158e       0x76 ./Drivers/STM32F1xx_HAL_Driver/Src/stm32f1xx_hal_dma.o
                0x0800158e                HAL_DMA_Abort
 .text.HAL_DMA_Abort_IT
                0x08001604       0xf0 ./Drivers/STM32F1xx_HAL_Driver/Src/stm32f1xx_hal_dma.o
                0x08001604                HAL_DMA_Abort_IT
 .text.HAL_GPIO_Init
                0x080016f4      0x308 ./Drivers/STM32F1xx_HAL_Driver/Src/stm32f1xx_hal_gpio.o
                0x080016f4                HAL_GPIO_Init
 .text.HAL_GPIO_WritePin
                0x080019fc       0x30 ./Drivers/STM32F1xx_HAL_Driver/Src/stm32f1xx_hal_gpio.o
                0x080019fc                HAL_GPIO_WritePin
 .text.HAL_I2C_Init
                0x08001a2c      0x288 ./Drivers/STM32F1xx_HAL_Driver/Src/stm32f1xx_hal_i2c.o
                0x08001a2c                HAL_I2C_Init
 .text.HAL_I2C_Master_Transmit
                0x08001cb4      0x1fc ./Drivers/STM32F1xx_HAL_Driver/Src/stm32f1xx_hal_i2c.o
                0x08001cb4                HAL_I2C_Master_Transmit
 .text.HAL_I2C_Master_Receive
                0x08001eb0      0x4d8 ./Drivers/STM32F1xx_HAL_Driver/Src/stm32f1xx_hal_i2c.o
                0x08001eb0                HAL_I2C_Master_Receive
 .text.HAL_I2C_Mem_Read
                0x08002388      0x4e8 ./Drivers/STM32F1xx_HAL_Driver/Src/stm32f1xx_hal_i2c.o
                0x08002388                HAL_I2C_Mem_Read
 .text.I2C_MasterRequestWrite
                0x08002870      0x104 ./Drivers/STM32F1xx_HAL_Driver/Src/stm32f1xx_hal_i2c.o
 .text.I2C_MasterRequestRead
                0x08002974      0x19c ./Drivers/STM32F1xx_HAL_Driver/Src/stm32f1xx_hal_i2c.o
 .text.I2C_RequestMemoryRead
                0x08002b10      0x1d0 ./Drivers/STM32F1xx_HAL_Driver/Src/stm32f1xx_hal_i2c.o
 .text.I2C_WaitOnFlagUntilTimeout
                0x08002ce0       0xf4 ./Drivers/STM32F1xx_HAL_Driver/Src/stm32f1xx_hal_i2c.o
 .text.I2C_WaitOnMasterAddressFlagUntilTimeout
                0x08002dd4      0x140 ./Drivers/STM32F1xx_HAL_Driver/Src/stm32f1xx_hal_i2c.o
 .text.I2C_WaitOnTXEFlagUntilTimeout
                0x08002f14       0x90 ./Drivers/STM32F1xx_HAL_Driver/Src/stm32f1xx_hal_i2c.o
 .text.I2C_WaitOnBTFFlagUntilTimeout
                0x08002fa4       0x90 ./Drivers/STM32F1xx_HAL_Driver/Src/stm32f1xx_hal_i2c.o
 .text.I2C_WaitOnRXNEFlagUntilTimeout
                0x08003034       0xba ./Drivers/STM32F1xx_HAL_Driver/Src/stm32f1xx_hal_i2c.o
 .text.I2C_IsAcknowledgeFailed
                0x080030ee       0x5c ./Drivers/STM32F1xx_HAL_Driver/Src/stm32f1xx_hal_i2c.o
 *fill*         0x0800314a        0x2 
 .text.HAL_RCC_OscConfig
                0x0800314c      0x504 ./Drivers/STM32F1xx_HAL_Driver/Src/stm32f1xx_hal_rcc.o
                0x0800314c                HAL_RCC_OscConfig
 .text.HAL_RCC_ClockConfig
                0x08003650      0x1d4 ./Drivers/STM32F1xx_HAL_Driver/Src/stm32f1xx_hal_rcc.o
                0x08003650                HAL_RCC_ClockConfig
 .text.HAL_RCC_GetSysClockFreq
                0x08003824       0xa8 ./Drivers/STM32F1xx_HAL_Driver/Src/stm32f1xx_hal_rcc.o
                0x08003824                HAL_RCC_GetSysClockFreq
 .text.HAL_RCC_GetHCLKFreq
                0x080038cc       0x14 ./Drivers/STM32F1xx_HAL_Driver/Src/stm32f1xx_hal_rcc.o
                0x080038cc                HAL_RCC_GetHCLKFreq
 .text.HAL_RCC_GetPCLK1Freq
                0x080038e0       0x28 ./Drivers/STM32F1xx_HAL_Driver/Src/stm32f1xx_hal_rcc.o
                0x080038e0                HAL_RCC_GetPCLK1Freq
 .text.HAL_RCC_GetPCLK2Freq
                0x08003908       0x28 ./Drivers/STM32F1xx_HAL_Driver/Src/stm32f1xx_hal_rcc.o
                0x08003908                HAL_RCC_GetPCLK2Freq
 .text.RCC_Delay
                0x08003930       0x3c ./Drivers/STM32F1xx_HAL_Driver/Src/stm32f1xx_hal_rcc.o
 .text.HAL_UART_Init
                0x0800396c       0xa0 ./Drivers/STM32F1xx_HAL_Driver/Src/stm32f1xx_hal_uart.o
                0x0800396c                HAL_UART_Init
 .text.HAL_UART_Transmit
                0x08003a0c      0x116 ./Drivers/STM32F1xx_HAL_Driver/Src/stm32f1xx_hal_uart.o
                0x08003a0c                HAL_UART_Transmit
 .text.HAL_UART_Receive_IT
                0x08003b22       0x4a ./Drivers/STM32F1xx_HAL_Driver/Src/stm32f1xx_hal_uart.o
                0x08003b22                HAL_UART_Receive_IT
 .text.HAL_UART_IRQHandler
                0x08003b6c      0x524 ./Drivers/STM32F1xx_HAL_Driver/Src/stm32f1xx_hal_uart.o
                0x08003b6c                HAL_UART_IRQHandler
 .text.HAL_UART_TxCpltCallback
                0x08004090       0x12 ./Drivers/STM32F1xx_HAL_Driver/Src/stm32f1xx_hal_uart.o
                0x08004090                HAL_UART_TxCpltCallback
 .text.HAL_UART_ErrorCallback
                0x080040a2       0x12 ./Drivers/STM32F1xx_HAL_Driver/Src/stm32f1xx_hal_uart.o
                0x080040a2                HAL_UART_ErrorCallback
 .text.HAL_UARTEx_RxEventCallback
                0x080040b4       0x16 ./Drivers/STM32F1xx_HAL_Driver/Src/stm32f1xx_hal_uart.o
                0x080040b4                HAL_UARTEx_RxEventCallback
 .text.UART_WaitOnFlagUntilTimeout
                0x080040ca       0xb2 ./Drivers/STM32F1xx_HAL_Driver/Src/stm32f1xx_hal_uart.o
 .text.UART_Start_Receive_IT
                0x0800417c       0x72 ./Drivers/STM32F1xx_HAL_Driver/Src/stm32f1xx_hal_uart.o
                0x0800417c                UART_Start_Receive_IT
 .text.UART_EndRxTransfer
                0x080041ee       0xc4 ./Drivers/STM32F1xx_HAL_Driver/Src/stm32f1xx_hal_uart.o
 .text.UART_DMAAbortOnError
                0x080042b2       0x28 ./Drivers/STM32F1xx_HAL_Driver/Src/stm32f1xx_hal_uart.o
 .text.UART_Transmit_IT
                0x080042da       0x9e ./Drivers/STM32F1xx_HAL_Driver/Src/stm32f1xx_hal_uart.o
 .text.UART_EndTransmit_IT
                0x08004378       0x30 ./Drivers/STM32F1xx_HAL_Driver/Src/stm32f1xx_hal_uart.o
 .text.UART_Receive_IT
                0x080043a8      0x17c ./Drivers/STM32F1xx_HAL_Driver/Src/stm32f1xx_hal_uart.o
 .text.UART_SetConfig
                0x08004524      0x11c ./Drivers/STM32F1xx_HAL_Driver/Src/stm32f1xx_hal_uart.o
 .text.memset   0x08004640       0x10 C:/ST/STM32CubeIDE_1.19.0/STM32CubeIDE/plugins/com.st.stm32cube.ide.mcu.externaltools.gnu-tools-for-stm32.13.3.rel1.win32_1.0.0.202411081344/tools/bin/../lib/gcc/arm-none-eabi/13.3.1/../../../../arm-none-eabi/lib/thumb/v7-m/nofp\libc_nano.a(libc_a-memset.o)
                0x08004640                memset
 .text.__libc_init_array
                0x08004650       0x48 C:/ST/STM32CubeIDE_1.19.0/STM32CubeIDE/plugins/com.st.stm32cube.ide.mcu.externaltools.gnu-tools-for-stm32.13.3.rel1.win32_1.0.0.202411081344/tools/bin/../lib/gcc/arm-none-eabi/13.3.1/../../../../arm-none-eabi/lib/thumb/v7-m/nofp\libc_nano.a(libc_a-init.o)
                0x08004650                __libc_init_array
 .text.memcpy   0x08004698       0x1c C:/ST/STM32CubeIDE_1.19.0/STM32CubeIDE/plugins/com.st.stm32cube.ide.mcu.externaltools.gnu-tools-for-stm32.13.3.rel1.win32_1.0.0.202411081344/tools/bin/../lib/gcc/arm-none-eabi/13.3.1/../../../../arm-none-eabi/lib/thumb/v7-m/nofp\libc_nano.a(libc_a-memcpy-stub.o)
                0x08004698                memcpy
 *(.glue_7)
 .glue_7        0x080046b4        0x0 linker stubs
 *(.glue_7t)
 .glue_7t       0x080046b4        0x0 linker stubs
 *(.eh_frame)
 .eh_frame      0x080046b4        0x0 C:/ST/STM32CubeIDE_1.19.0/STM32CubeIDE/plugins/com.st.stm32cube.ide.mcu.externaltools.gnu-tools-for-stm32.13.3.rel1.win32_1.0.0.202411081344/tools/bin/../lib/gcc/arm-none-eabi/13.3.1/thumb/v7-m/nofp/crtbegin.o
 *(.init)
 .init          0x080046b4        0x4 C:/ST/STM32CubeIDE_1.19.0/STM32CubeIDE/plugins/com.st.stm32cube.ide.mcu.externaltools.gnu-tools-for-stm32.13.3.rel1.win32_1.0.0.202411081344/tools/bin/../lib/gcc/arm-none-eabi/13.3.1/thumb/v7-m/nofp/crti.o
                0x080046b4                _init
 .init          0x080046b8        0x8 C:/ST/STM32CubeIDE_1.19.0/STM32CubeIDE/plugins/com.st.stm32cube.ide.mcu.externaltools.gnu-tools-for-stm32.13.3.rel1.win32_1.0.0.202411081344/tools/bin/../lib/gcc/arm-none-eabi/13.3.1/thumb/v7-m/nofp/crtn.o
 *(.fini)
 .fini          0x080046c0        0x4 C:/ST/STM32CubeIDE_1.19.0/STM32CubeIDE/plugins/com.st.stm32cube.ide.mcu.externaltools.gnu-tools-for-stm32.13.3.rel1.win32_1.0.0.202411081344/tools/bin/../lib/gcc/arm-none-eabi/13.3.1/thumb/v7-m/nofp/crti.o
                0x080046c0                _fini
 .fini          0x080046c4        0x8 C:/ST/STM32CubeIDE_1.19.0/STM32CubeIDE/plugins/com.st.stm32cube.ide.mcu.externaltools.gnu-tools-for-stm32.13.3.rel1.win32_1.0.0.202411081344/tools/bin/../lib/gcc/arm-none-eabi/13.3.1/thumb/v7-m/nofp/crtn.o
                0x080046cc                        . = ALIGN (0x4)
                0x080046cc                        _etext = .

.vfp11_veneer   0x080046cc        0x0
 .vfp11_veneer  0x080046cc        0x0 linker stubs

.v4_bx          0x080046cc        0x0
 .v4_bx         0x080046cc        0x0 linker stubs

.iplt           0x080046cc        0x0
 .iplt          0x080046cc        0x0 C:/ST/STM32CubeIDE_1.19.0/STM32CubeIDE/plugins/com.st.stm32cube.ide.mcu.externaltools.gnu-tools-for-stm32.13.3.rel1.win32_1.0.0.202411081344/tools/bin/../lib/gcc/arm-none-eabi/13.3.1/thumb/v7-m/nofp/crtbegin.o

.rodata         0x080046cc       0x34
                0x080046cc                        . = ALIGN (0x4)
 *(.rodata)
 .rodata        0x080046cc        0x7 ./Core/Src/aht20.o
 *(.rodata*)
 *fill*         0x080046d3        0x1 
 .rodata.AHBPrescTable
                0x080046d4       0x10 ./Core/Src/system_stm32f1xx.o
                0x080046d4                AHBPrescTable
 .rodata.APBPrescTable
                0x080046e4        0x8 ./Core/Src/system_stm32f1xx.o
                0x080046e4                APBPrescTable
 .rodata.aPLLMULFactorTable.1
                0x080046ec       0x10 ./Drivers/STM32F1xx_HAL_Driver/Src/stm32f1xx_hal_rcc.o
 .rodata.aPredivFactorTable.0
                0x080046fc        0x2 ./Drivers/STM32F1xx_HAL_Driver/Src/stm32f1xx_hal_rcc.o
                0x08004700                        . = ALIGN (0x4)
 *fill*         0x080046fe        0x2 

.ARM.extab      0x08004700        0x0
                0x08004700                        . = ALIGN (0x4)
 *(.ARM.extab* .gnu.linkonce.armextab.*)
                0x08004700                        . = ALIGN (0x4)

.ARM            0x08004700        0x0
                0x08004700                        . = ALIGN (0x4)
                0x08004700                        __exidx_start = .
 *(.ARM.exidx*)
                0x08004700                        __exidx_end = .
                0x08004700                        . = ALIGN (0x4)

.preinit_array  0x08004700        0x0
                0x08004700                        . = ALIGN (0x4)
                0x08004700                        PROVIDE (__preinit_array_start = .)
 *(.preinit_array*)
                0x08004700                        PROVIDE (__preinit_array_end = .)
                0x08004700                        . = ALIGN (0x4)

.init_array     0x08004700        0x4
                0x08004700                        . = ALIGN (0x4)
                0x08004700                        PROVIDE (__init_array_start = .)
 *(SORT_BY_NAME(.init_array.*))
 *(.init_array*)
 .init_array    0x08004700        0x4 C:/ST/STM32CubeIDE_1.19.0/STM32CubeIDE/plugins/com.st.stm32cube.ide.mcu.externaltools.gnu-tools-for-stm32.13.3.rel1.win32_1.0.0.202411081344/tools/bin/../lib/gcc/arm-none-eabi/13.3.1/thumb/v7-m/nofp/crtbegin.o
                0x08004704                        PROVIDE (__init_array_end = .)
                0x08004704                        . = ALIGN (0x4)

.fini_array     0x08004704        0x4
                0x08004704                        . = ALIGN (0x4)
                [!provide]                        PROVIDE (__fini_array_start = .)
 *(SORT_BY_NAME(.fini_array.*))
 *(.fini_array*)
 .fini_array    0x08004704        0x4 C:/ST/STM32CubeIDE_1.19.0/STM32CubeIDE/plugins/com.st.stm32cube.ide.mcu.externaltools.gnu-tools-for-stm32.13.3.rel1.win32_1.0.0.202411081344/tools/bin/../lib/gcc/arm-none-eabi/13.3.1/thumb/v7-m/nofp/crtbegin.o
                [!provide]                        PROVIDE (__fini_array_end = .)
                0x08004708                        . = ALIGN (0x4)
                0x08004708                        _sidata = LOADADDR (.data)

.rel.dyn        0x08004708        0x0
 .rel.iplt      0x08004708        0x0 C:/ST/STM32CubeIDE_1.19.0/STM32CubeIDE/plugins/com.st.stm32cube.ide.mcu.externaltools.gnu-tools-for-stm32.13.3.rel1.win32_1.0.0.202411081344/tools/bin/../lib/gcc/arm-none-eabi/13.3.1/thumb/v7-m/nofp/crtbegin.o

.data           0x20000000       0x1c load address 0x08004708
                0x20000000                        . = ALIGN (0x4)
                0x20000000                        _sdata = .
 *(.data)
 *(.data*)
 .data.g_threshold
                0x20000000       0x10 ./Core/Src/sensor.o
                0x20000000                g_threshold
 .data.SystemCoreClock
                0x20000010        0x4 ./Core/Src/system_stm32f1xx.o
                0x20000010                SystemCoreClock
 .data.uwTickPrio
                0x20000014        0x4 ./Drivers/STM32F1xx_HAL_Driver/Src/stm32f1xx_hal.o
                0x20000014                uwTickPrio
 .data.uwTickFreq
                0x20000018        0x1 ./Drivers/STM32F1xx_HAL_Driver/Src/stm32f1xx_hal.o
                0x20000018                uwTickFreq
 *(.RamFunc)
 *(.RamFunc*)
                0x2000001c                        . = ALIGN (0x4)
 *fill*         0x20000019        0x3 
                0x2000001c                        _edata = .

.igot.plt       0x2000001c        0x0 load address 0x08004724
 .igot.plt      0x2000001c        0x0 C:/ST/STM32CubeIDE_1.19.0/STM32CubeIDE/plugins/com.st.stm32cube.ide.mcu.externaltools.gnu-tools-for-stm32.13.3.rel1.win32_1.0.0.202411081344/tools/bin/../lib/gcc/arm-none-eabi/13.3.1/thumb/v7-m/nofp/crtbegin.o
                0x2000001c                        . = ALIGN (0x4)

.bss            0x2000001c      0x114 load address 0x08004724
                0x2000001c                        _sbss = .
                0x2000001c                        __bss_start__ = _sbss
 *(.bss)
 .bss           0x2000001c       0x1c C:/ST/STM32CubeIDE_1.19.0/STM32CubeIDE/plugins/com.st.stm32cube.ide.mcu.externaltools.gnu-tools-for-stm32.13.3.rel1.win32_1.0.0.202411081344/tools/bin/../lib/gcc/arm-none-eabi/13.3.1/thumb/v7-m/nofp/crtbegin.o
 *(.bss*)
 .bss.hi2c1     0x20000038       0x54 ./Core/Src/i2c.o
                0x20000038                hi2c1
 .bss.rx_byte   0x2000008c        0x1 ./Core/Src/main.o
                0x2000008c                rx_byte
 *fill*         0x2000008d        0x3 
 .bss.g_sensor  0x20000090       0x10 ./Core/Src/sensor.o
                0x20000090                g_sensor
 .bss.rx_buf    0x200000a0       0x40 ./Core/Src/uart_parser.o
 .bss.idx       0x200000e0        0x1 ./Core/Src/uart_parser.o
 .bss.expected_len
                0x200000e1        0x1 ./Core/Src/uart_parser.o
 .bss.stm_ready
                0x200000e2        0x1 ./Core/Src/uart_parser.o
 *fill*         0x200000e3        0x1 
 .bss.huart3    0x200000e4       0x48 ./Core/Src/usart.o
                0x200000e4                huart3
 .bss.uwTick    0x2000012c        0x4 ./Drivers/STM32F1xx_HAL_Driver/Src/stm32f1xx_hal.o
                0x2000012c                uwTick
 *(COMMON)
                0x20000130                        . = ALIGN (0x4)
                0x20000130                        _ebss = .
                0x20000130                        __bss_end__ = _ebss

._user_heap_stack
                0x20000130      0x600 load address 0x08004724
                0x20000130                        . = ALIGN (0x8)
                [!provide]                        PROVIDE (end = .)
                0x20000130                        PROVIDE (_end = .)
                0x20000330                        . = (. + _Min_Heap_Size)
 *fill*         0x20000130      0x200 
                0x20000730                        . = (. + _Min_Stack_Size)
 *fill*         0x20000330      0x400 
                0x20000730                        . = ALIGN (0x8)

/DISCARD/
 libc.a(*)
 libm.a(*)
 libgcc.a(*)

.ARM.attributes
                0x00000000       0x29
 *(.ARM.attributes)
 .ARM.attributes
                0x00000000       0x1d C:/ST/STM32CubeIDE_1.19.0/STM32CubeIDE/plugins/com.st.stm32cube.ide.mcu.externaltools.gnu-tools-for-stm32.13.3.rel1.win32_1.0.0.202411081344/tools/bin/../lib/gcc/arm-none-eabi/13.3.1/thumb/v7-m/nofp/crti.o
 .ARM.attributes
                0x0000001d       0x2d C:/ST/STM32CubeIDE_1.19.0/STM32CubeIDE/plugins/com.st.stm32cube.ide.mcu.externaltools.gnu-tools-for-stm32.13.3.rel1.win32_1.0.0.202411081344/tools/bin/../lib/gcc/arm-none-eabi/13.3.1/thumb/v7-m/nofp/crtbegin.o
 .ARM.attributes
                0x0000004a       0x2d ./Core/Src/ads1115.o
 .ARM.attributes
                0x00000077       0x2d ./Core/Src/aht20.o
 .ARM.attributes
                0x000000a4       0x2d ./Core/Src/gpio.o
 .ARM.attributes
                0x000000d1       0x2d ./Core/Src/i2c.o
 .ARM.attributes
                0x000000fe       0x2d ./Core/Src/main.o
 .ARM.attributes
                0x0000012b       0x2d ./Core/Src/protocol.o
 .ARM.attributes
                0x00000158       0x2d ./Core/Src/sensor.o
 .ARM.attributes
                0x00000185       0x2d ./Core/Src/stm32f1xx_hal_msp.o
 .ARM.attributes
                0x000001b2       0x2d ./Core/Src/stm32f1xx_it.o
 .ARM.attributes
                0x000001df       0x2d ./Core/Src/system_stm32f1xx.o
 .ARM.attributes
                0x0000020c       0x2d ./Core/Src/uart_parser.o
 .ARM.attributes
                0x00000239       0x2d ./Core/Src/usart.o
 .ARM.attributes
                0x00000266       0x21 ./Core/Startup/startup_stm32f103rbtx.o
 .ARM.attributes
                0x00000287       0x2d ./Drivers/STM32F1xx_HAL_Driver/Src/stm32f1xx_hal.o
 .ARM.attributes
                0x000002b4       0x2d ./Drivers/STM32F1xx_HAL_Driver/Src/stm32f1xx_hal_cortex.o
 .ARM.attributes
                0x000002e1       0x2d ./Drivers/STM32F1xx_HAL_Driver/Src/stm32f1xx_hal_dma.o
 .ARM.attributes
                0x0000030e       0x2d ./Drivers/STM32F1xx_HAL_Driver/Src/stm32f1xx_hal_gpio.o
 .ARM.attributes
                0x0000033b       0x2d ./Drivers/STM32F1xx_HAL_Driver/Src/stm32f1xx_hal_i2c.o
 .ARM.attributes
                0x00000368       0x2d ./Drivers/STM32F1xx_HAL_Driver/Src/stm32f1xx_hal_rcc.o
 .ARM.attributes
                0x00000395       0x2d ./Drivers/STM32F1xx_HAL_Driver/Src/stm32f1xx_hal_uart.o
 .ARM.attributes
                0x000003c2       0x2d C:/ST/STM32CubeIDE_1.19.0/STM32CubeIDE/plugins/com.st.stm32cube.ide.mcu.externaltools.gnu-tools-for-stm32.13.3.rel1.win32_1.0.0.202411081344/tools/bin/../lib/gcc/arm-none-eabi/13.3.1/../../../../arm-none-eabi/lib/thumb/v7-m/nofp\libc_nano.a(libc_a-memset.o)
 .ARM.attributes
                0x000003ef       0x2d C:/ST/STM32CubeIDE_1.19.0/STM32CubeIDE/plugins/com.st.stm32cube.ide.mcu.externaltools.gnu-tools-for-stm32.13.3.rel1.win32_1.0.0.202411081344/tools/bin/../lib/gcc/arm-none-eabi/13.3.1/../../../../arm-none-eabi/lib/thumb/v7-m/nofp\libc_nano.a(libc_a-init.o)
 .ARM.attributes
                0x0000041c       0x2d C:/ST/STM32CubeIDE_1.19.0/STM32CubeIDE/plugins/com.st.stm32cube.ide.mcu.externaltools.gnu-tools-for-stm32.13.3.rel1.win32_1.0.0.202411081344/tools/bin/../lib/gcc/arm-none-eabi/13.3.1/../../../../arm-none-eabi/lib/thumb/v7-m/nofp\libc_nano.a(libc_a-memcpy-stub.o)
 .ARM.attributes
                0x00000449       0x1d C:/ST/STM32CubeIDE_1.19.0/STM32CubeIDE/plugins/com.st.stm32cube.ide.mcu.externaltools.gnu-tools-for-stm32.13.3.rel1.win32_1.0.0.202411081344/tools/bin/../lib/gcc/arm-none-eabi/13.3.1/thumb/v7-m/nofp\libgcc.a(_arm_addsubsf3.o)
 .ARM.attributes
                0x00000466       0x1d C:/ST/STM32CubeIDE_1.19.0/STM32CubeIDE/plugins/com.st.stm32cube.ide.mcu.externaltools.gnu-tools-for-stm32.13.3.rel1.win32_1.0.0.202411081344/tools/bin/../lib/gcc/arm-none-eabi/13.3.1/thumb/v7-m/nofp\libgcc.a(_arm_muldivsf3.o)
 .ARM.attributes
                0x00000483       0x1d C:/ST/STM32CubeIDE_1.19.0/STM32CubeIDE/plugins/com.st.stm32cube.ide.mcu.externaltools.gnu-tools-for-stm32.13.3.rel1.win32_1.0.0.202411081344/tools/bin/../lib/gcc/arm-none-eabi/13.3.1/thumb/v7-m/nofp\libgcc.a(_arm_fixunssfsi.o)
 .ARM.attributes
                0x000004a0       0x1d C:/ST/STM32CubeIDE_1.19.0/STM32CubeIDE/plugins/com.st.stm32cube.ide.mcu.externaltools.gnu-tools-for-stm32.13.3.rel1.win32_1.0.0.202411081344/tools/bin/../lib/gcc/arm-none-eabi/13.3.1/thumb/v7-m/nofp/crtn.o
OUTPUT(stm_system.elf elf32-littlearm)
LOAD linker stubs
LOAD C:/ST/STM32CubeIDE_1.19.0/STM32CubeIDE/plugins/com.st.stm32cube.ide.mcu.externaltools.gnu-tools-for-stm32.13.3.rel1.win32_1.0.0.202411081344/tools/bin/../lib/gcc/arm-none-eabi/13.3.1/../../../../arm-none-eabi/lib/thumb/v7-m/nofp\libc.a
LOAD C:/ST/STM32CubeIDE_1.19.0/STM32CubeIDE/plugins/com.st.stm32cube.ide.mcu.externaltools.gnu-tools-for-stm32.13.3.rel1.win32_1.0.0.202411081344/tools/bin/../lib/gcc/arm-none-eabi/13.3.1/../../../../arm-none-eabi/lib/thumb/v7-m/nofp\libm.a
LOAD C:/ST/STM32CubeIDE_1.19.0/STM32CubeIDE/plugins/com.st.stm32cube.ide.mcu.externaltools.gnu-tools-for-stm32.13.3.rel1.win32_1.0.0.202411081344/tools/bin/../lib/gcc/arm-none-eabi/13.3.1/thumb/v7-m/nofp\libgcc.a

.debug_info     0x00000000     0xc4ad
 .debug_info    0x00000000      0x6b7 ./Core/Src/ads1115.o
 .debug_info    0x000006b7      0x70c ./Core/Src/aht20.o
 .debug_info    0x00000dc3      0x184 ./Core/Src/gpio.o
 .debug_info    0x00000f47      0x7e3 ./Core/Src/i2c.o
 .debug_info    0x0000172a      0x8a5 ./Core/Src/main.o
 .debug_info    0x00001fcf      0x761 ./Core/Src/protocol.o
 .debug_info    0x00002730      0x758 ./Core/Src/sensor.o
 .debug_info    0x00002e88      0x1f1 ./Core/Src/stm32f1xx_hal_msp.o
 .debug_info    0x00003079      0x5eb ./Core/Src/stm32f1xx_it.o
 .debug_info    0x00003664      0x222 ./Core/Src/system_stm32f1xx.o
 .debug_info    0x00003886      0x84b ./Core/Src/uart_parser.o
 .debug_info    0x000040d1      0x9be ./Core/Src/usart.o
 .debug_info    0x00004a8f       0x30 ./Core/Startup/startup_stm32f103rbtx.o
 .debug_info    0x00004abf      0x704 ./Drivers/STM32F1xx_HAL_Driver/Src/stm32f1xx_hal.o
 .debug_info    0x000051c3      0xa87 ./Drivers/STM32F1xx_HAL_Driver/Src/stm32f1xx_hal_cortex.o
 .debug_info    0x00005c4a      0x6d2 ./Drivers/STM32F1xx_HAL_Driver/Src/stm32f1xx_hal_dma.o
 .debug_info    0x0000631c      0x5ab ./Drivers/STM32F1xx_HAL_Driver/Src/stm32f1xx_hal_gpio.o
 .debug_info    0x000068c7     0x2524 ./Drivers/STM32F1xx_HAL_Driver/Src/stm32f1xx_hal_i2c.o
 .debug_info    0x00008deb      0x7d5 ./Drivers/STM32F1xx_HAL_Driver/Src/stm32f1xx_hal_rcc.o
 .debug_info    0x000095c0     0x2eed ./Drivers/STM32F1xx_HAL_Driver/Src/stm32f1xx_hal_uart.o

.debug_abbrev   0x00000000     0x2524
 .debug_abbrev  0x00000000      0x196 ./Core/Src/ads1115.o
 .debug_abbrev  0x00000196      0x1c8 ./Core/Src/aht20.o
 .debug_abbrev  0x0000035e       0xc6 ./Core/Src/gpio.o
 .debug_abbrev  0x00000424      0x1de ./Core/Src/i2c.o
 .debug_abbrev  0x00000602      0x25b ./Core/Src/main.o
 .debug_abbrev  0x0000085d      0x21f ./Core/Src/protocol.o
 .debug_abbrev  0x00000a7c      0x1b8 ./Core/Src/sensor.o
 .debug_abbrev  0x00000c34       0xdb ./Core/Src/stm32f1xx_hal_msp.o
 .debug_abbrev  0x00000d0f      0x176 ./Core/Src/stm32f1xx_it.o
 .debug_abbrev  0x00000e85      0x13f ./Core/Src/system_stm32f1xx.o
 .debug_abbrev  0x00000fc4      0x20a ./Core/Src/uart_parser.o
 .debug_abbrev  0x000011ce      0x216 ./Core/Src/usart.o
 .debug_abbrev  0x000013e4       0x24 ./Core/Startup/startup_stm32f103rbtx.o
 .debug_abbrev  0x00001408      0x201 ./Drivers/STM32F1xx_HAL_Driver/Src/stm32f1xx_hal.o
 .debug_abbrev  0x00001609      0x2f8 ./Drivers/STM32F1xx_HAL_Driver/Src/stm32f1xx_hal_cortex.o
 .debug_abbrev  0x00001901      0x20b ./Drivers/STM32F1xx_HAL_Driver/Src/stm32f1xx_hal_dma.o
 .debug_abbrev  0x00001b0c      0x1ca ./Drivers/STM32F1xx_HAL_Driver/Src/stm32f1xx_hal_gpio.o
 .debug_abbrev  0x00001cd6      0x2a3 ./Drivers/STM32F1xx_HAL_Driver/Src/stm32f1xx_hal_i2c.o
 .debug_abbrev  0x00001f79      0x2b3 ./Drivers/STM32F1xx_HAL_Driver/Src/stm32f1xx_hal_rcc.o
 .debug_abbrev  0x0000222c      0x2f8 ./Drivers/STM32F1xx_HAL_Driver/Src/stm32f1xx_hal_uart.o

.debug_aranges  0x00000000      0xa70
 .debug_aranges
                0x00000000       0x20 ./Core/Src/ads1115.o
 .debug_aranges
                0x00000020       0x20 ./Core/Src/aht20.o
 .debug_aranges
                0x00000040       0x20 ./Core/Src/gpio.o
 .debug_aranges
                0x00000060       0x30 ./Core/Src/i2c.o
 .debug_aranges
                0x00000090       0x38 ./Core/Src/main.o
 .debug_aranges
                0x000000c8       0x40 ./Core/Src/protocol.o
 .debug_aranges
                0x00000108       0x30 ./Core/Src/sensor.o
 .debug_aranges
                0x00000138       0x20 ./Core/Src/stm32f1xx_hal_msp.o
 .debug_aranges
                0x00000158       0x68 ./Core/Src/stm32f1xx_it.o
 .debug_aranges
                0x000001c0       0x28 ./Core/Src/system_stm32f1xx.o
 .debug_aranges
                0x000001e8       0x38 ./Core/Src/uart_parser.o
 .debug_aranges
                0x00000220       0x30 ./Core/Src/usart.o
 .debug_aranges
                0x00000250       0x28 ./Core/Startup/startup_stm32f103rbtx.o
 .debug_aranges
                0x00000278       0xe0 ./Drivers/STM32F1xx_HAL_Driver/Src/stm32f1xx_hal.o
 .debug_aranges
                0x00000358      0x100 ./Drivers/STM32F1xx_HAL_Driver/Src/stm32f1xx_hal_cortex.o
 .debug_aranges
                0x00000458       0x80 ./Drivers/STM32F1xx_HAL_Driver/Src/stm32f1xx_hal_dma.o
 .debug_aranges
                0x000004d8       0x58 ./Drivers/STM32F1xx_HAL_Driver/Src/stm32f1xx_hal_gpio.o
 .debug_aranges
                0x00000530      0x2a8 ./Drivers/STM32F1xx_HAL_Driver/Src/stm32f1xx_hal_i2c.o
 .debug_aranges
                0x000007d8       0x90 ./Drivers/STM32F1xx_HAL_Driver/Src/stm32f1xx_hal_rcc.o
 .debug_aranges
                0x00000868      0x208 ./Drivers/STM32F1xx_HAL_Driver/Src/stm32f1xx_hal_uart.o

.debug_rnglists
                0x00000000      0x805
 .debug_rnglists
                0x00000000       0x14 ./Core/Src/ads1115.o
 .debug_rnglists
                0x00000014       0x14 ./Core/Src/aht20.o
 .debug_rnglists
                0x00000028       0x13 ./Core/Src/gpio.o
 .debug_rnglists
                0x0000003b       0x1f ./Core/Src/i2c.o
 .debug_rnglists
                0x0000005a       0x25 ./Core/Src/main.o
 .debug_rnglists
                0x0000007f       0x2c ./Core/Src/protocol.o
 .debug_rnglists
                0x000000ab       0x20 ./Core/Src/sensor.o
 .debug_rnglists
                0x000000cb       0x13 ./Core/Src/stm32f1xx_hal_msp.o
 .debug_rnglists
                0x000000de       0x49 ./Core/Src/stm32f1xx_it.o
 .debug_rnglists
                0x00000127       0x1a ./Core/Src/system_stm32f1xx.o
 .debug_rnglists
                0x00000141       0x26 ./Core/Src/uart_parser.o
 .debug_rnglists
                0x00000167       0x20 ./Core/Src/usart.o
 .debug_rnglists
                0x00000187       0x19 ./Core/Startup/startup_stm32f103rbtx.o
 .debug_rnglists
                0x000001a0       0xa3 ./Drivers/STM32F1xx_HAL_Driver/Src/stm32f1xx_hal.o
 .debug_rnglists
                0x00000243       0xbb ./Drivers/STM32F1xx_HAL_Driver/Src/stm32f1xx_hal_cortex.o
 .debug_rnglists
                0x000002fe       0x64 ./Drivers/STM32F1xx_HAL_Driver/Src/stm32f1xx_hal_dma.o
 .debug_rnglists
                0x00000362       0x3f ./Drivers/STM32F1xx_HAL_Driver/Src/stm32f1xx_hal_gpio.o
 .debug_rnglists
                0x000003a1      0x23c ./Drivers/STM32F1xx_HAL_Driver/Src/stm32f1xx_hal_i2c.o
 .debug_rnglists
                0x000005dd       0x6c ./Drivers/STM32F1xx_HAL_Driver/Src/stm32f1xx_hal_rcc.o
 .debug_rnglists
                0x00000649      0x1bc ./Drivers/STM32F1xx_HAL_Driver/Src/stm32f1xx_hal_uart.o

.debug_macro    0x00000000    0x17cd5
 .debug_macro   0x00000000      0x1a7 ./Core/Src/ads1115.o
 .debug_macro   0x000001a7      0xacc ./Core/Src/ads1115.o
 .debug_macro   0x00000c73      0x21b ./Core/Src/ads1115.o
 .debug_macro   0x00000e8e       0x2e ./Core/Src/ads1115.o
 .debug_macro   0x00000ebc       0x22 ./Core/Src/ads1115.o
 .debug_macro   0x00000ede       0x22 ./Core/Src/ads1115.o
 .debug_macro   0x00000f00       0x8e ./Core/Src/ads1115.o
 .debug_macro   0x00000f8e       0x51 ./Core/Src/ads1115.o
 .debug_macro   0x00000fdf      0x103 ./Core/Src/ads1115.o
 .debug_macro   0x000010e2       0x6a ./Core/Src/ads1115.o
 .debug_macro   0x0000114c      0x1df ./Core/Src/ads1115.o
 .debug_macro   0x0000132b       0x1c ./Core/Src/ads1115.o
 .debug_macro   0x00001347       0x22 ./Core/Src/ads1115.o
 .debug_macro   0x00001369       0xbd ./Core/Src/ads1115.o
 .debug_macro   0x00001426      0xd23 ./Core/Src/ads1115.o
 .debug_macro   0x00002149     0xe09e ./Core/Src/ads1115.o
 .debug_macro   0x000101e7       0x6d ./Core/Src/ads1115.o
 .debug_macro   0x00010254     0x34a2 ./Core/Src/ads1115.o
 .debug_macro   0x000136f6      0x190 ./Core/Src/ads1115.o
 .debug_macro   0x00013886       0x5c ./Core/Src/ads1115.o
 .debug_macro   0x000138e2      0x5bc ./Core/Src/ads1115.o
 .debug_macro   0x00013e9e      0x289 ./Core/Src/ads1115.o
 .debug_macro   0x00014127      0x1cb ./Core/Src/ads1115.o
 .debug_macro   0x000142f2      0x114 ./Core/Src/ads1115.o
 .debug_macro   0x00014406      0x1b2 ./Core/Src/ads1115.o
 .debug_macro   0x000145b8       0x27 ./Core/Src/ads1115.o
 .debug_macro   0x000145df      0x136 ./Core/Src/ads1115.o
 .debug_macro   0x00014715      0x1bc ./Core/Src/ads1115.o
 .debug_macro   0x000148d1       0x34 ./Core/Src/ads1115.o
 .debug_macro   0x00014905       0x3c ./Core/Src/ads1115.o
 .debug_macro   0x00014941       0x57 ./Core/Src/ads1115.o
 .debug_macro   0x00014998       0x87 ./Core/Src/ads1115.o
 .debug_macro   0x00014a1f      0x240 ./Core/Src/ads1115.o
 .debug_macro   0x00014c5f      0x287 ./Core/Src/ads1115.o
 .debug_macro   0x00014ee6      0x140 ./Core/Src/ads1115.o
 .debug_macro   0x00015026      0x28e ./Core/Src/ads1115.o
 .debug_macro   0x000152b4       0x83 ./Core/Src/ads1115.o
 .debug_macro   0x00015337       0x16 ./Core/Src/ads1115.o
 .debug_macro   0x0001534d      0x1bc ./Core/Src/aht20.o
 .debug_macro   0x00015509      0x1ac ./Core/Src/gpio.o
 .debug_macro   0x000156b5      0x1ac ./Core/Src/i2c.o
 .debug_macro   0x00015861      0x1db ./Core/Src/main.o
 .debug_macro   0x00015a3c       0x22 ./Core/Src/main.o
 .debug_macro   0x00015a5e      0x283 ./Core/Src/protocol.o
 .debug_macro   0x00015ce1       0x94 ./Core/Src/protocol.o
 .debug_macro   0x00015d75       0x61 ./Core/Src/protocol.o
 .debug_macro   0x00015dd6       0x24 ./Core/Src/protocol.o
 .debug_macro   0x00015dfa       0x43 ./Core/Src/protocol.o
 .debug_macro   0x00015e3d       0x34 ./Core/Src/protocol.o
 .debug_macro   0x00015e71      0x370 ./Core/Src/protocol.o
 .debug_macro   0x000161e1       0x16 ./Core/Src/protocol.o
 .debug_macro   0x000161f7       0x4a ./Core/Src/protocol.o
 .debug_macro   0x00016241       0x34 ./Core/Src/protocol.o
 .debug_macro   0x00016275       0x10 ./Core/Src/protocol.o
 .debug_macro   0x00016285       0x58 ./Core/Src/protocol.o
 .debug_macro   0x000162dd       0x8e ./Core/Src/protocol.o
 .debug_macro   0x0001636b       0x1c ./Core/Src/protocol.o
 .debug_macro   0x00016387      0x185 ./Core/Src/protocol.o
 .debug_macro   0x0001650c       0x10 ./Core/Src/protocol.o
 .debug_macro   0x0001651c       0x3c ./Core/Src/protocol.o
 .debug_macro   0x00016558       0x20 ./Core/Src/protocol.o
 .debug_macro   0x00016578      0x1c9 ./Core/Src/sensor.o
 .debug_macro   0x00016741      0x1a2 ./Core/Src/stm32f1xx_hal_msp.o
 .debug_macro   0x000168e3      0x1ac ./Core/Src/stm32f1xx_it.o
 .debug_macro   0x00016a8f      0x198 ./Core/Src/system_stm32f1xx.o
 .debug_macro   0x00016c27      0x2ce ./Core/Src/uart_parser.o
 .debug_macro   0x00016ef5       0x1c ./Core/Src/uart_parser.o
 .debug_macro   0x00016f11      0x1ac ./Core/Src/usart.o
 .debug_macro   0x000170bd      0x1bc ./Drivers/STM32F1xx_HAL_Driver/Src/stm32f1xx_hal.o
 .debug_macro   0x00017279      0x198 ./Drivers/STM32F1xx_HAL_Driver/Src/stm32f1xx_hal_cortex.o
 .debug_macro   0x00017411      0x198 ./Drivers/STM32F1xx_HAL_Driver/Src/stm32f1xx_hal_dma.o
 .debug_macro   0x000175a9      0x203 ./Drivers/STM32F1xx_HAL_Driver/Src/stm32f1xx_hal_gpio.o
 .debug_macro   0x000177ac      0x1e6 ./Drivers/STM32F1xx_HAL_Driver/Src/stm32f1xx_hal_i2c.o
 .debug_macro   0x00017992      0x1aa ./Drivers/STM32F1xx_HAL_Driver/Src/stm32f1xx_hal_rcc.o
 .debug_macro   0x00017b3c      0x199 ./Drivers/STM32F1xx_HAL_Driver/Src/stm32f1xx_hal_uart.o

.debug_line     0x00000000     0xf7db
 .debug_line    0x00000000      0x743 ./Core/Src/ads1115.o
 .debug_line    0x00000743      0x79c ./Core/Src/aht20.o
 .debug_line    0x00000edf      0x6e0 ./Core/Src/gpio.o
 .debug_line    0x000015bf      0x74c ./Core/Src/i2c.o
 .debug_line    0x00001d0b      0x7d1 ./Core/Src/main.o
 .debug_line    0x000024dc      0x926 ./Core/Src/protocol.o
 .debug_line    0x00002e02      0x744 ./Core/Src/sensor.o
 .debug_line    0x00003546      0x6e3 ./Core/Src/stm32f1xx_hal_msp.o
 .debug_line    0x00003c29      0x7a9 ./Core/Src/stm32f1xx_it.o
 .debug_line    0x000043d2      0x761 ./Core/Src/system_stm32f1xx.o
 .debug_line    0x00004b33      0x9d4 ./Core/Src/uart_parser.o
 .debug_line    0x00005507      0x75b ./Core/Src/usart.o
 .debug_line    0x00005c62       0x78 ./Core/Startup/startup_stm32f103rbtx.o
 .debug_line    0x00005cda      0x992 ./Drivers/STM32F1xx_HAL_Driver/Src/stm32f1xx_hal.o
 .debug_line    0x0000666c      0xb5c ./Drivers/STM32F1xx_HAL_Driver/Src/stm32f1xx_hal_cortex.o
 .debug_line    0x000071c8      0xd9c ./Drivers/STM32F1xx_HAL_Driver/Src/stm32f1xx_hal_dma.o
 .debug_line    0x00007f64      0x9ef ./Drivers/STM32F1xx_HAL_Driver/Src/stm32f1xx_hal_gpio.o
 .debug_line    0x00008953     0x3b8f ./Drivers/STM32F1xx_HAL_Driver/Src/stm32f1xx_hal_i2c.o
 .debug_line    0x0000c4e2      0xe4b ./Drivers/STM32F1xx_HAL_Driver/Src/stm32f1xx_hal_rcc.o
 .debug_line    0x0000d32d     0x24ae ./Drivers/STM32F1xx_HAL_Driver/Src/stm32f1xx_hal_uart.o

.debug_str      0x00000000    0x8491e
 .debug_str     0x00000000    0x8491e ./Core/Src/ads1115.o
                              0x7e80b (size before relaxing)
 .debug_str     0x0008491e    0x7e7fa ./Core/Src/aht20.o
 .debug_str     0x0008491e    0x7e2eb ./Core/Src/gpio.o
 .debug_str     0x0008491e    0x7e84b ./Core/Src/i2c.o
 .debug_str     0x0008491e    0x7e9b5 ./Core/Src/main.o
 .debug_str     0x0008491e    0x81b0c ./Core/Src/protocol.o
 .debug_str     0x0008491e    0x7e8b5 ./Core/Src/sensor.o
 .debug_str     0x0008491e    0x7e319 ./Core/Src/stm32f1xx_hal_msp.o
 .debug_str     0x0008491e    0x7e769 ./Core/Src/stm32f1xx_it.o
 .debug_str     0x0008491e    0x7e344 ./Core/Src/system_stm32f1xx.o
 .debug_str     0x0008491e    0x82226 ./Core/Src/uart_parser.o
 .debug_str     0x0008491e    0x7eb22 ./Core/Src/usart.o
 .debug_str     0x0008491e       0x82 ./Core/Startup/startup_stm32f103rbtx.o
 .debug_str     0x0008491e    0x7ea77 ./Drivers/STM32F1xx_HAL_Driver/Src/stm32f1xx_hal.o
 .debug_str     0x0008491e    0x7e9c3 ./Drivers/STM32F1xx_HAL_Driver/Src/stm32f1xx_hal_cortex.o
 .debug_str     0x0008491e    0x7e6ed ./Drivers/STM32F1xx_HAL_Driver/Src/stm32f1xx_hal_dma.o
 .debug_str     0x0008491e    0x7e6ca ./Drivers/STM32F1xx_HAL_Driver/Src/stm32f1xx_hal_gpio.o
 .debug_str     0x0008491e    0x7f40b ./Drivers/STM32F1xx_HAL_Driver/Src/stm32f1xx_hal_i2c.o
 .debug_str     0x0008491e    0x7e773 ./Drivers/STM32F1xx_HAL_Driver/Src/stm32f1xx_hal_rcc.o
 .debug_str     0x0008491e    0x7ede4 ./Drivers/STM32F1xx_HAL_Driver/Src/stm32f1xx_hal_uart.o

.comment        0x00000000       0x43
 .comment       0x00000000       0x43 ./Core/Src/ads1115.o
                                 0x44 (size before relaxing)
 .comment       0x00000043       0x44 ./Core/Src/aht20.o
 .comment       0x00000043       0x44 ./Core/Src/gpio.o
 .comment       0x00000043       0x44 ./Core/Src/i2c.o
 .comment       0x00000043       0x44 ./Core/Src/main.o
 .comment       0x00000043       0x44 ./Core/Src/protocol.o
 .comment       0x00000043       0x44 ./Core/Src/sensor.o
 .comment       0x00000043       0x44 ./Core/Src/stm32f1xx_hal_msp.o
 .comment       0x00000043       0x44 ./Core/Src/stm32f1xx_it.o
 .comment       0x00000043       0x44 ./Core/Src/system_stm32f1xx.o
 .comment       0x00000043       0x44 ./Core/Src/uart_parser.o
 .comment       0x00000043       0x44 ./Core/Src/usart.o
 .comment       0x00000043       0x44 ./Drivers/STM32F1xx_HAL_Driver/Src/stm32f1xx_hal.o
 .comment       0x00000043       0x44 ./Drivers/STM32F1xx_HAL_Driver/Src/stm32f1xx_hal_cortex.o
 .comment       0x00000043       0x44 ./Drivers/STM32F1xx_HAL_Driver/Src/stm32f1xx_hal_dma.o
 .comment       0x00000043       0x44 ./Drivers/STM32F1xx_HAL_Driver/Src/stm32f1xx_hal_gpio.o
 .comment       0x00000043       0x44 ./Drivers/STM32F1xx_HAL_Driver/Src/stm32f1xx_hal_i2c.o
 .comment       0x00000043       0x44 ./Drivers/STM32F1xx_HAL_Driver/Src/stm32f1xx_hal_rcc.o
 .comment       0x00000043       0x44 ./Drivers/STM32F1xx_HAL_Driver/Src/stm32f1xx_hal_uart.o

.debug_frame    0x00000000     0x2960
 .debug_frame   0x00000000       0x38 ./Core/Src/ads1115.o
 .debug_frame   0x00000038       0x38 ./Core/Src/aht20.o
 .debug_frame   0x00000070       0x38 ./Core/Src/gpio.o
 .debug_frame   0x000000a8       0x74 ./Core/Src/i2c.o
 .debug_frame   0x0000011c       0x90 ./Core/Src/main.o
 .debug_frame   0x000001ac       0xcc ./Core/Src/protocol.o
 .debug_frame   0x00000278       0x78 ./Core/Src/sensor.o
 .debug_frame   0x000002f0       0x38 ./Core/Src/stm32f1xx_hal_msp.o
 .debug_frame   0x00000328      0x120 ./Core/Src/stm32f1xx_it.o
 .debug_frame   0x00000448       0x58 ./Core/Src/system_stm32f1xx.o
 .debug_frame   0x000004a0       0xa0 ./Core/Src/uart_parser.o
 .debug_frame   0x00000540       0x74 ./Core/Src/usart.o
 .debug_frame   0x000005b4      0x334 ./Drivers/STM32F1xx_HAL_Driver/Src/stm32f1xx_hal.o
 .debug_frame   0x000008e8      0x428 ./Drivers/STM32F1xx_HAL_Driver/Src/stm32f1xx_hal_cortex.o
 .debug_frame   0x00000d10      0x208 ./Drivers/STM32F1xx_HAL_Driver/Src/stm32f1xx_hal_dma.o
 .debug_frame   0x00000f18      0x14c ./Drivers/STM32F1xx_HAL_Driver/Src/stm32f1xx_hal_gpio.o
 .debug_frame   0x00001064      0xc84 ./Drivers/STM32F1xx_HAL_Driver/Src/stm32f1xx_hal_i2c.o
 .debug_frame   0x00001ce8      0x218 ./Drivers/STM32F1xx_HAL_Driver/Src/stm32f1xx_hal_rcc.o
 .debug_frame   0x00001f00      0x944 ./Drivers/STM32F1xx_HAL_Driver/Src/stm32f1xx_hal_uart.o
 .debug_frame   0x00002844       0x20 C:/ST/STM32CubeIDE_1.19.0/STM32CubeIDE/plugins/com.st.stm32cube.ide.mcu.externaltools.gnu-tools-for-stm32.13.3.rel1.win32_1.0.0.202411081344/tools/bin/../lib/gcc/arm-none-eabi/13.3.1/../../../../arm-none-eabi/lib/thumb/v7-m/nofp\libc_nano.a(libc_a-memset.o)
 .debug_frame   0x00002864       0x2c C:/ST/STM32CubeIDE_1.19.0/STM32CubeIDE/plugins/com.st.stm32cube.ide.mcu.externaltools.gnu-tools-for-stm32.13.3.rel1.win32_1.0.0.202411081344/tools/bin/../lib/gcc/arm-none-eabi/13.3.1/../../../../arm-none-eabi/lib/thumb/v7-m/nofp\libc_nano.a(libc_a-init.o)
 .debug_frame   0x00002890       0x28 C:/ST/STM32CubeIDE_1.19.0/STM32CubeIDE/plugins/com.st.stm32cube.ide.mcu.externaltools.gnu-tools-for-stm32.13.3.rel1.win32_1.0.0.202411081344/tools/bin/../lib/gcc/arm-none-eabi/13.3.1/../../../../arm-none-eabi/lib/thumb/v7-m/nofp\libc_nano.a(libc_a-memcpy-stub.o)
 .debug_frame   0x000028b8       0x4c C:/ST/STM32CubeIDE_1.19.0/STM32CubeIDE/plugins/com.st.stm32cube.ide.mcu.externaltools.gnu-tools-for-stm32.13.3.rel1.win32_1.0.0.202411081344/tools/bin/../lib/gcc/arm-none-eabi/13.3.1/thumb/v7-m/nofp\libgcc.a(_arm_addsubsf3.o)
 .debug_frame   0x00002904       0x38 C:/ST/STM32CubeIDE_1.19.0/STM32CubeIDE/plugins/com.st.stm32cube.ide.mcu.externaltools.gnu-tools-for-stm32.13.3.rel1.win32_1.0.0.202411081344/tools/bin/../lib/gcc/arm-none-eabi/13.3.1/thumb/v7-m/nofp\libgcc.a(_arm_muldivsf3.o)
 .debug_frame   0x0000293c       0x24 C:/ST/STM32CubeIDE_1.19.0/STM32CubeIDE/plugins/com.st.stm32cube.ide.mcu.externaltools.gnu-tools-for-stm32.13.3.rel1.win32_1.0.0.202411081344/tools/bin/../lib/gcc/arm-none-eabi/13.3.1/thumb/v7-m/nofp\libgcc.a(_arm_fixunssfsi.o)

.debug_line_str
                0x00000000       0x66
 .debug_line_str
                0x00000000       0x66 ./Core/Startup/startup_stm32f103rbtx.o
